<?xml version="1.0" encoding="utf-8"?><swc xmlns="http://www.adobe.com/flash/swccatalog/9"><versions><swc version="1.2"/><flex version="4.6.0" build="23201" minimumSupportedVersion="4.0.0"/></versions><features><feature-components/></features><components><component className="ext:Panel" name="panel" uri="library://test.namespace"/><component className="com.coremedia.ui.sdk.desktop:FavoritesToolbar" name="favoritesToolbar" uri="library://test.namespace"/></components></swc>